sin ok
sqrt & cos ok
tan ok
sgn & co. ok
bitwise ok
pi ok
