~*~ 3.571428571E+03 ~*~
0x3FE00000 <-> 1.750000
ok
