0.626382 0.750000 0.931596 0.750000 1.333333 1.259859 