10 3 M -> 1 
1 3 M -> 1 
4 3 M -> 1 
10 3 U -> 1 
1 3 U -> 1 
4 3 U -> 1 
10 3 R -> 1 
1 3 R -> 1 
4 3 R -> 1 

10 -3 M -> -2 
-2 -3 M -> -2 
-5 -3 M -> -2 
10 -3 U -> 1 
1 -3 U -> 1 
-2 -3 U -> 1 
10 -3 R -> 1 
1 -3 R -> 1 
-2 -3 R -> -2 

-10 3 M -> 2 
2 3 M -> 2 
5 3 M -> 2 
-10 3 U -> 2 
2 3 U -> 2 
5 3 U -> 2 
-10 3 R -> -1 
-1 3 R -> -1 
2 3 R -> 2 

-10 -3 M -> -1 
-1 -3 M -> -1 
-4 -3 M -> -1 
-10 -3 U -> 2 
2 -3 U -> 2 
-1 -3 U -> 2 
-10 -3 R -> -1 
-1 -3 R -> -1 
-4 -3 R -> -1 

