10 / 3 = 3 REM 1 
M 1 U 1 R 1 
10 / -3 = -3 REM 1 
M -2 U 1 R 1 
-10 / 3 = -3 REM -1 
M 2 U 2 R -1 
-10 / -3 = 3 REM -1 
M -1 U 2 R -1 
